/*
 * SPDX-FileCopyrightText: Copyright (c) 2025-2026 NVIDIA CORPORATION & AFFILIATES. All rights reserved.
 * SPDX-License-Identifier: Apache-2.0
 *
 * Licensed under the Apache License, Version 2.0 (the "License");
 * you may not use this file except in compliance with the License.
 * You may obtain a copy of the License at
 *
 * http://www.apache.org/licenses/LICENSE-2.0
 *
 * Unless required by applicable law or agreed to in writing, software
 * distributed under the License is distributed on an "AS IS" BASIS,
 * WITHOUT WARRANTIES OR CONDITIONS OF ANY KIND, either express or implied.
 * See the License for the specific language governing permissions and
 * limitations under the License.
 */


{
	global:    extern "C++" {
                  ch_est::factory::*;
                  ch_est::ChannelEstimateGraphManager::*;
                  ch_est::ChestNodes::*;
                  ch_est::ChestSubSlotNodes::*;
                  ch_est::puschRxChEst::*;
                  cuphy::LDPC_decoder::*;
                  cuphy::LDPC_decode_desc_set::*;
                  cuphy::LDPC_decode_config::*;
                  cuphy::LDPC_decode_desc::*;
               };
                cuphySetEmptyKernelNodeParams;
                cuphySetGenericEmptyKernelNodeParams;
                cuphySetGenericEmptyKernelNodeGridConstantParams;
                cuphySetD2HMemcpyNodeParams;
                cuphySetWorkCancelKernelNodeParams;
                cuphyErrorCorrectionLDPCTransportBlockDecode;
                cuphyGetErrorString;
                cuphyGetErrorName;
                cuphyCreateTensorDescriptor;
                cuphyDestroyTensorDescriptor;
                cuphySetTensorDescriptor;
                cuphyGetTensorDescriptor;
                cuphyGetTensorSizeInBytes;
                cuphyGetDataTypeString;
                cuphyConvertTensor;
                cuphyBfcCoefCompute;
                cuphyChannelEst1DTimeFrequency;
                cuphyPuschRxChEstGetDescrInfo;
                cuphyCreateTrtEngine;
                cuphyDestroyTrtEngine;
                cuphySetupTrtEngine;
                cuphyRunTrtEngine;
                cuphyPuschRxNoiseIntfEstGetDescrInfo;
                cuphyCreatePuschRxNoiseIntfEst;
                cuphySetupPuschRxNoiseIntfEst;
                cuphyDestroyPuschRxNoiseIntfEst;
                cuphyPuschRxCfoTaEstGetDescrInfo;
                cuphyCreatePuschRxCfoTaEst;
                cuphySetupPuschRxCfoTaEst;
                cuphyDestroyPuschRxCfoTaEst;
                cuphyPuschRxChEqGetDescrInfo;
                cuphyCreatePuschRxChEq;
                cuphySetupPuschRxChEqCoefCompute;
                cuphySetupPuschRxChEqSoftDemap;
                cuphySetupPuschRxChEqSoftDemapIdft;
                cuphySetupPuschRxChEqSoftDemapAfterDft;
                cuphyDestroyPuschRxChEq;
                cuphyCreatePuschRxRssi;
                cuphySetupPuschRxRssi;
                cuphySetupPuschRxRsrp;
                cuphyDestroyPuschRxRssi;
                cuphyPuschRxRssiGetDescrInfo;
                cuphyCRCDecodeInit;
                cuphyCRCDecodeCleanUp;
                cuphyCRCDecodeLoadParams;
                cuphyCRCDecodeLoadInput;
                cuphyCRCDecode;
                cuphyCRCDecodeStoreOutput;
                cuphySetupPrepareCRCEncode;
                cuphyCrcEncodeGetDescrInfo;
                cuphyPrepareCrcEncodeGetDescrInfo;
                cuphySetupCrcEncode;
                cuphyDescrambleInit;
                cuphyDescrambleCleanUp;
                cuphyDescrambleLoadParams;
                cuphyDescrambleLoadInput;
                cuphyDescramble;
                cuphyDescrambleStoreOutput;
                cuphyDescrambleAllParams;
                rate_matching;
                cuphyErrorCorrectionLDPCDecode;
                cuphyErrorCorrectionLDPCDecodeGetWorkspaceSize;
                cuphyErrorCorrectionLDPCTransportBlockDecode;
                cuphyErrorCorrectionLDPCDecodeSetNormalization;
                cuphyErrorCorrectionLDPCDecodeGetLaunchDescriptor;
                cuphyDlRateMatchingWorkspaceSize;
                cuphyDlRateMatchingGetDescrInfo;
                cuphySetupDlRateMatching;
                cuphySetupLDPCEncode;
                cuphyLDPCEncodeGetDescrInfo;
                cuphySetTBParams;
                cuphyUpdatePucchParamsFormat1;
                cuphyPucchReceiverWorkspaceSize;
                cuphyCopyPucchParamsToWorkspace;
                cuphyPucchReceiver;
                cuphyPrachReceiver;
                cuphyPrachCreateGraph;
                cuphyPrachUpdateGraph;
                cuphyPrachLaunchGraph;
                cuphyModulationGetDescrInfo;
                cuphySetupModulation;
                cuphyPdcchPipelinePrepare;
                cuphyCsirsKernelSelect;
                cuphyCsirsRxKernelSelect;
                cuphySetupPdschCsirsPreprocessing;
                cuphyPdschCsirsPrepGetDescrInfo;
                cuphySrsTxKernelSelect;
                cuphyUpdatePdschDmrsParams;
                cuphyPdschDmrsGetDescrInfo;
                cuphySetupPdschDmrs;
                cuphyGenerateSyncSignal;
                cuphyRunSsbMapper;
                cuphyPolarEncRateMatch;
                cuphySSBsKernelSelect;
                cuphyRunPolarEncRateMatchSSBs;
                cuphyCreateLDPCDecoder;
                cuphyDestroyLDPCDecoder;
                cuphyCreateContext;
                cuphyDestroyContext;
                cuphySrsChEstGetDescrInfo;
                cuphyCreateSrsChEst;
                cuphySetupSrsChEst;
                cuphyPucchF0RxGetDescrInfo;
                cuphyCreatePucchF0Rx;
                cuphySetupPucchF0Rx;
                cuphyDestroyPucchF0Rx;
                cuphyPucchF1RxGetDescrInfo;
                cuphyCreatePucchF1Rx;
                cuphySetupPucchF1Rx;
                cuphyDestroyPucchF1Rx;
                cuphyPucchF2RxGetDescrInfo;
                cuphyCreatePucchF2Rx;
                cuphySetupPucchF2Rx;
                cuphyDestroyPucchF2Rx;
                cuphyPucchF3RxGetDescrInfo;
                cuphyCreatePucchF3Rx;
                cuphySetupPucchF3Rx;
                cuphyDestroyPucchF3Rx;
                cuphyPucchF3Csi2CtrlGetDescrInfo;
                cuphyCreatePucchF3Csi2Ctrl;
                cuphySetupPucchF3Csi2Ctrl;
                cuphyDestroyPucchF3Csi2Ctrl;
                cuphyPucchF3SegLLRsGetDescrInfo;
                cuphyCreatePucchF3SegLLRs;
                cuphySetupPucchF3SegLLRs;
                cuphyDestroyPucchF3SegLLRs;
                cuphyPucchF234UciSegGetDescrInfo;
                cuphyCreatePucchF234UciSeg;
                cuphySetupPucchF234UciSeg;
                cuphyDestroyPucchF234UciSeg;
                cuphyDestroySrsChEst;
                cuphyPuschRxRateMatchGetDescrInfo;
                cuphyCreatePuschRxRateMatch;
                cuphySetupPuschRxRateMatch;
                cuphyDestroyPuschRxRateMatch;
                cuphyPuschRxCrcDecodeGetDescrInfo;
                cuphyCreatePuschRxCrcDecode;
                cuphySetupPuschRxCrcDecode;
                cuphyDestroyPuschRxCrcDecode;
                cuphySimplexDecoderGetDescrInfo;
                cuphyCreateSimplexDecoder;
                cuphySetupSimplexDecoder;
                cuphyDestroySimplexDecoder;
                cuphyModulateSymbol;
                cuphyDemodulateSymbol;
                cuphyCreateRandomNumberGenerator;
                cuphyDestroyRandomNumberGenerator;
                cuphyRandomUniform;
                cuphyRandomNormal;
                cuphyConvertVariant;
                cuphyFillTensor;
                cuphyTileTensor;
                cuphyTensorElementWiseOperation;
                cuphyTensorReduction;
                cuphyCompCwTreeTypesGetDescrInfo;
                cuphyCreateCompCwTreeTypes;
                cuphySetupCompCwTreeTypes;
                cuphyDestroyCompCwTreeTypes;
                cuphyPolSegDeRmDeItlGetDescrInfo;
                cuphyCreatePolSegDeRmDeItl;
                cuphySetupPolSegDeRmDeItl;
                cuphyDestroyPolSegDeRmDeItl;
                cuphyUciOnPuschSegLLRs1GetDescrInfo;
                cuphyCreateUciOnPuschSegLLRs1;
                cuphySetupUciOnPuschSegLLRs1;
                cuphyDestroyUciOnPuschSegLLRs1;
                cuphyUciOnPuschSegLLRs0GetDescrInfo;
                cuphyCreateUciOnPuschSegLLRs0;
                cuphySetupUciOnPuschSegLLRs0;
                cuphyDestroyUciOnPuschSegLLRs0;
                cuphyPolarDecoderGetDescrInfo;
                cuphyCreatePolarDecoder;
                cuphySetupPolarDecoder;
                cuphyDestroyPolarDecoder;
                cuphyUciOnPuschSegLLRs2GetDescrInfo;
                cuphyCreateUciOnPuschSegLLRs2;
                cuphySetupUciOnPuschSegLLRs2;
                cuphyDestroyUciOnPuschSegLLRs2;
                cuphyUciOnPuschCsi2CtrlGetDescrInfo;
                cuphyCreateUciOnPuschCsi2Ctrl;
                cuphySetupUciOnPuschCsi2Ctrl;
                cuphyDestroyUciOnPuschCsi2Ctrl;
                cuphyRmDecoderGetDescrInfo;
                cuphyCreateRmDecoder;
                cuphySetupRmDecoder;
                cuphyDestroyRmDecoder;
                cuphySrsChEstGetDescrInfo;
                cuphyCreateSrsChEst;
                cuphySetupSrsChEst;
                cuphyDestroySrsChEst;
                cuphyGetDescrInfoBfwCoefComp;
                cuphyCreateBfwCoefComp;
                cuphyDestroyBfwCoefComp;
                cuphySetupBfwCoefComp;
                cuphy_pti_init;
                cuphy_pti_set_record_index;
                cuphy_pti_get_record_index;
                _cuphy_pti_get_record;
                _cuphy_pti_get_record_all_activities;
                _cuphy_pti_get_record_activity;
                cuphy_pti_calibrate_gpu_timer;
                g_nvlog_component_ids;
                *fmtlog*threadBuffer*;
                *fmtlogWrapper*impl*;
                cuphy_cupti_helper_init;
                cuphy_cupti_helper_stop;
                cuphy_cupti_helper_flush;
                cuphy_cupti_helper_push_external_id;
                cuphy_cupti_helper_pop_external_id;
                cuphylaunchKernelCopy;
         local:
                *;
};
